CI diagnostic generated automatically.

#123 /home/runner/work/gestaodecustos/gestaodecustos/vendor/pestphp/pest/bin/pest(204): {closure}()
#124 /home/runner/work/gestaodecustos/gestaodecustos/vendor/bin/pest(119): include('...')
#125 {main}

Next Illuminate\View\ViewException: Vite manifest not found at: /home/runner/work/gestaodecustos/gestaodecustos/public/build/manifest.json (View: /home/runner/work/gestaodecustos/gestaodecustos/resources/views/partials/head.blade.php) (View: /home/runner/work/gestaodecustos/gestaodecustos/resources/views/partials/head.blade.php) in /home/runner/work/gestaodecustos/gestaodecustos/vendor/laravel/framework/src/Illuminate/Foundation/Vite.php:960
Stack trace:
#0 /home/runner/work/gestaodecustos/gestaodecustos/vendor/livewire/livewire/src/Mechanisms/ExtendBlade/ExtendedCompilerEngine.php(58): Illuminate\View\Engines\CompilerEngine->handleViewException()
#1 /home/runner/work/gestaodecustos/gestaodecustos/vendor/laravel/framework/src/Illuminate/View/Engines/PhpEngine.php(59): Livewire\Mechanisms\ExtendBlade\ExtendedCompilerEngine->handleViewException()
#2 /home/runner/work/gestaodecustos/gestaodecustos/vendor/livewire/livewire/src/Mechanisms/ExtendBlade/ExtendedCompilerEngine.php(22): Illuminate\View\Engines\PhpEngine->evaluatePath()
#3 /home/runner/work/gestaodecustos/gestaodecustos/vendor/laravel/framework/src/Illuminate/View/Engines/CompilerEngine.php(76): Livewire\Mechanisms\ExtendBlade\ExtendedCompilerEngine->evaluatePath()
#4 /home/runner/work/gestaodecustos/gestaodecustos/vendor/livewire/livewire/src/Mechanisms/ExtendBlade/ExtendedCompilerEngine.php(10): Illuminate\View\Engines\CompilerEngine->get()
#5 /home/runner/work/gestaodecustos/gestaodecustos/vendor/laravel/framework/src/Illuminate/View/View.php(208): Livewire\Mechanisms\ExtendBlade\ExtendedCompilerEngine->get()
#6 /home/runner/work/gestaodecustos/gestaodecustos/vendor/laravel/framework/src/Illuminate/View/View.php(191): Illuminate\View\View->getContents()
#7 /home/runner/work/gestaodecustos/gestaodecustos/vendor/laravel/framework/src/Illuminate/View/View.php(160): Illuminate\View\View->renderContents()
#8 /home/runner/work/gestaodecustos/gestaodecustos/vendor/laravel/framework/src/Illuminate/View/Concerns/ManagesComponents.php(103): Illuminate\View\View->render()
#9 /home/runner/work/gestaodecustos/gestaodecustos/storage/framework/views/801a63c08bf77827db6b9098dadda79d.php(17): Illuminate\View\Factory->renderComponent()
#10 /home/runner/work/gestaodecustos/gestaodecustos/vendor/laravel/framework/src/Illuminate/Filesystem/Filesystem.php(123): require('...')
#11 /home/runner/work/gestaodecustos/gestaodecustos/vendor/laravel/framework/src/Illuminate/Filesystem/Filesystem.php(124): Illuminate\Filesystem\Filesystem::Illuminate\Filesystem\{closure}()
#12 /home/runner/work/gestaodecustos/gestaodecustos/vendor/laravel/framework/src/Illuminate/View/Engines/PhpEngine.php(57): Illuminate\Filesystem\Filesystem->getRequire()
#13 /home/runner/work/gestaodecustos/gestaodecustos/vendor/livewire/livewire/src/Mechanisms/ExtendBlade/ExtendedCompilerEngine.php(22): Illuminate\View\Engines\PhpEngine->evaluatePath()
#14 /home/runner/work/gestaodecustos/gestaodecustos/vendor/laravel/framework/src/Illuminate/View/Engines/CompilerEngine.php(76): Livewire\Mechanisms\ExtendBlade\ExtendedCompilerEngine->evaluatePath()
#15 /home/runner/work/gestaodecustos/gestaodecustos/vendor/livewire/livewire/src/Mechanisms/ExtendBlade/ExtendedCompilerEngine.php(10): Illuminate\View\Engines\CompilerEngine->get()
#16 /home/runner/work/gestaodecustos/gestaodecustos/vendor/laravel/framework/src/Illuminate/View/View.php(208): Livewire\Mechanisms\ExtendBlade\ExtendedCompilerEngine->get()
#17 /home/runner/work/gestaodecustos/gestaodecustos/vendor/laravel/framework/src/Illuminate/View/View.php(191): Illuminate\View\View->getContents()
#18 /home/runner/work/gestaodecustos/gestaodecustos/vendor/laravel/framework/src/Illuminate/View/View.php(160): Illuminate\View\View->renderContents()
#19 /home/runner/work/gestaodecustos/gestaodecustos/vendor/laravel/framework/src/Illuminate/View/Compilers/BladeCompiler.php(361): Illuminate\View\View->render()
#20 /home/runner/work/gestaodecustos/gestaodecustos/vendor/laravel/framework/src/Illuminate/Support/Facades/Facade.php(364): Illuminate\View\Compilers\BladeCompiler::render()
#21 /home/runner/work/gestaodecustos/gestaodecustos/vendor/livewire/livewire/src/Features/SupportPageComponents/SupportPageComponents.php(162): Illuminate\Support\Facades\Facade::__callStatic()
#22 /home/runner/work/gestaodecustos/gestaodecustos/vendor/livewire/livewire/src/Features/SupportPageComponents/HandlesPageComponents.php(26): Livewire\Features\SupportPageComponents\SupportPageComponents::renderContentsIntoLayout()
#23 /home/runner/work/gestaodecustos/gestaodecustos/vendor/laravel/framework/src/Illuminate/Container/BoundMethod.php(36): Livewire\Component->__invoke()
#24 /home/runner/work/gestaodecustos/gestaodecustos/vendor/laravel/framework/src/Illuminate/Container/Util.php(43): Illuminate\Container\BoundMethod::Illuminate\Container\{closure}()
#25 /home/runner/work/gestaodecustos/gestaodecustos/vendor/laravel/framework/src/Illuminate/Container/BoundMethod.php(96): Illuminate\Container\Util::unwrapIfClosure()
#26 /home/runner/work/gestaodecustos/gestaodecustos/vendor/laravel/framework/src/Illuminate/Container/BoundMethod.php(35): Illuminate\Container\BoundMethod::callBoundMethod()
#27 /home/runner/work/gestaodecustos/gestaodecustos/vendor/laravel/framework/src/Illuminate/Container/Container.php(803): Illuminate\Container\BoundMethod::call()
#28 /home/runner/work/gestaodecustos/gestaodecustos/vendor/livewire/volt/src/VoltManager.php(37): Illuminate\Container\Container->call()
#29 /home/runner/work/gestaodecustos/gestaodecustos/vendor/laravel/framework/src/Illuminate/Routing/CallableDispatcher.php(39): Livewire\Volt\VoltManager->Livewire\Volt\{closure}()
#30 /home/runner/work/gestaodecustos/gestaodecustos/vendor/laravel/framework/src/Illuminate/Routing/Route.php(254): Illuminate\Routing\CallableDispatcher->dispatch()
#31 /home/runner/work/gestaodecustos/gestaodecustos/vendor/laravel/framework/src/Illuminate/Routing/Route.php(219): Illuminate\Routing\Route->runCallable()
#32 /home/runner/work/gestaodecustos/gestaodecustos/vendor/laravel/framework/src/Illuminate/Routing/Router.php(822): Illuminate\Routing\Route->run()
#33 /home/runner/work/gestaodecustos/gestaodecustos/vendor/laravel/framework/src/Illuminate/Pipeline/Pipeline.php(180): Illuminate\Routing\Router->Illuminate\Routing\{closure}()
#34 /home/runner/work/gestaodecustos/gestaodecustos/vendor/laravel/framework/src/Illuminate/Auth/Middleware/RedirectIfAuthenticated.php(47): Illuminate\Pipeline\Pipeline->Illuminate\Pipeline\{closure}()
#35 /home/runner/work/gestaodecustos/gestaodecustos/vendor/laravel/framework/src/Illuminate/Pipeline/Pipeline.php(219): Illuminate\Auth\Middleware\RedirectIfAuthenticated->handle()
#36 /home/runner/work/gestaodecustos/gestaodecustos/app/Http/Middleware/EnsureBusinessWorkspaceAccess.php(71): Illuminate\Pipeline\Pipeline->Illuminate\Pipeline\{closure}()
#37 /home/runner/work/gestaodecustos/gestaodecustos/vendor/laravel/framework/src/Illuminate/Pipeline/Pipeline.php(219): App\Http\Middleware\EnsureBusinessWorkspaceAccess->handle()
#38 /home/runner/work/gestaodecustos/gestaodecustos/app/Http/Middleware/EnsureImpersonationIsValid.php(21): Illuminate\Pipeline\Pipeline->Illuminate\Pipeline\{closure}()
#39 /home/runner/work/gestaodecustos/gestaodecustos/vendor/laravel/framework/src/Illuminate/Pipeline/Pipeline.php(219): App\Http\Middleware\EnsureImpersonationIsValid->handle()
#40 /home/runner/work/gestaodecustos/gestaodecustos/app/Http/Middleware/UpdateUserActivity.php(27): Illuminate\Pipeline\Pipeline->Illuminate\Pipeline\{closure}()
#41 /home/runner/work/gestaodecustos/gestaodecustos/vendor/laravel/framework/src/Illuminate/Pipeline/Pipeline.php(219): App\Http\Middleware\UpdateUserActivity->handle()
#42 /home/runner/work/gestaodecustos/gestaodecustos/app/Http/Middleware/CheckRegistrationStatus.php(25): Illuminate\Pipeline\Pipeline->Illuminate\Pipeline\{closure}()
#43 /home/runner/work/gestaodecustos/gestaodecustos/vendor/laravel/framework/src/Illuminate/Pipeline/Pipeline.php(219): App\Http\Middleware\CheckRegistrationStatus->handle()
#44 /home/runner/work/gestaodecustos/gestaodecustos/app/Http/Middleware/CheckMaintenanceMode.php(41): Illuminate\Pipeline\Pipeline->Illuminate\Pipeline\{closure}()
#45 /home/runner/work/gestaodecustos/gestaodecustos/vendor/laravel/framework/src/Illuminate/Pipeline/Pipeline.php(219): App\Http\Middleware\CheckMaintenanceMode->handle()
#46 /home/runner/work/gestaodecustos/gestaodecustos/app/Http/Middleware/SetLocale.php(30): Illuminate\Pipeline\Pipeline->Illuminate\Pipeline\{closure}()
#47 /home/runner/work/gestaodecustos/gestaodecustos/vendor/laravel/framework/src/Illuminate/Pipeline/Pipeline.php(219): App\Http\Middleware\SetLocale->handle()
#48 /home/runner/work/gestaodecustos/gestaodecustos/vendor/laravel/framework/src/Illuminate/Routing/Middleware/SubstituteBindings.php(52): Illuminate\Pipeline\Pipeline->Illuminate\Pipeline\{closure}()
#49 /home/runner/work/gestaodecustos/gestaodecustos/vendor/laravel/framework/src/Illuminate/Pipeline/Pipeline.php(219): Illuminate\Routing\Middleware\SubstituteBindings->handle()
#50 /home/runner/work/gestaodecustos/gestaodecustos/vendor/laravel/framework/src/Illuminate/Foundation/Http/Middleware/PreventRequestForgery.php(104): Illuminate\Pipeline\Pipeline->Illuminate\Pipeline\{closure}()
#51 /home/runner/work/gestaodecustos/gestaodecustos/vendor/laravel/framework/src/Illuminate/Pipeline/Pipeline.php(219): Illuminate\Foundation\Http\Middleware\PreventRequestForgery->handle()
#52 /home/runner/work/gestaodecustos/gestaodecustos/vendor/laravel/framework/src/Illuminate/View/Middleware/ShareErrorsFromSession.php(48): Illuminate\Pipeline\Pipeline->Illuminate\Pipeline\{closure}()
#53 /home/runner/work/gestaodecustos/gestaodecustos/vendor/laravel/framework/src/Illuminate/Pipeline/Pipeline.php(219): Illuminate\View\Middleware\ShareErrorsFromSession->handle()
#54 /home/runner/work/gestaodecustos/gestaodecustos/vendor/laravel/framework/src/Illuminate/Session/Middleware/StartSession.php(120): Illuminate\Pipeline\Pipeline->Illuminate\Pipeline\{closure}()
#55 /home/runner/work/gestaodecustos/gestaodecustos/vendor/laravel/framework/src/Illuminate/Session/Middleware/StartSession.php(63): Illuminate\Session\Middleware\StartSession->handleStatefulRequest()
#56 /home/runner/work/gestaodecustos/gestaodecustos/vendor/laravel/framework/src/Illuminate/Pipeline/Pipeline.php(219): Illuminate\Session\Middleware\StartSession->handle()
#57 /home/runner/work/gestaodecustos/gestaodecustos/vendor/laravel/framework/src/Illuminate/Cookie/Middleware/AddQueuedCookiesToResponse.php(36): Illuminate\Pipeline\Pipeline->Illuminate\Pipeline\{closure}()
#58 /home/runner/work/gestaodecustos/gestaodecustos/vendor/laravel/framework/src/Illuminate/Pipeline/Pipeline.php(219): Illuminate\Cookie\Middleware\AddQueuedCookiesToResponse->handle()
#59 /home/runner/work/gestaodecustos/gestaodecustos/vendor/laravel/framework/src/Illuminate/Cookie/Middleware/EncryptCookies.php(74): Illuminate\Pipeline\Pipeline->Illuminate\Pipeline\{closure}()
#60 /home/runner/work/gestaodecustos/gestaodecustos/vendor/laravel/framework/src/Illuminate/Pipeline/Pipeline.php(219): Illuminate\Cookie\Middleware\EncryptCookies->handle()
#61 /home/runner/work/gestaodecustos/gestaodecustos/vendor/laravel/framework/src/Illuminate/Pipeline/Pipeline.php(137): Illuminate\Pipeline\Pipeline->Illuminate\Pipeline\{closure}()
#62 /home/runner/work/gestaodecustos/gestaodecustos/vendor/laravel/framework/src/Illuminate/Routing/Router.php(821): Illuminate\Pipeline\Pipeline->then()
#63 /home/runner/work/gestaodecustos/gestaodecustos/vendor/laravel/framework/src/Illuminate/Routing/Router.php(800): Illuminate\Routing\Router->runRouteWithinStack()
#64 /home/runner/work/gestaodecustos/gestaodecustos/vendor/laravel/framework/src/Illuminate/Routing/Router.php(764): Illuminate\Routing\Router->runRoute()
#65 /home/runner/work/gestaodecustos/gestaodecustos/vendor/laravel/framework/src/Illuminate/Routing/Router.php(753): Illuminate\Routing\Router->dispatchToRoute()
#66 /home/runner/work/gestaodecustos/gestaodecustos/vendor/laravel/framework/src/Illuminate/Foundation/Http/Kernel.php(200): Illuminate\Routing\Router->dispatch()
#67 /home/runner/work/gestaodecustos/gestaodecustos/vendor/laravel/framework/src/Illuminate/Pipeline/Pipeline.php(180): Illuminate\Foundation\Http\Kernel->Illuminate\Foundation\Http\{closure}()
#68 /home/runner/work/gestaodecustos/gestaodecustos/vendor/livewire/livewire/src/Features/SupportDisablingBackButtonCache/DisableBackButtonCacheMiddleware.php(19): Illuminate\Pipeline\Pipeline->Illuminate\Pipeline\{closure}()
#69 /home/runner/work/gestaodecustos/gestaodecustos/vendor/laravel/framework/src/Illuminate/Pipeline/Pipeline.php(219): Livewire\Features\SupportDisablingBackButtonCache\DisableBackButtonCacheMiddleware->handle()
#70 /home/runner/work/gestaodecustos/gestaodecustos/vendor/laravel/framework/src/Illuminate/Foundation/Http/Middleware/TransformsRequest.php(21): Illuminate\Pipeline\Pipeline->Illuminate\Pipeline\{closure}()
#71 /home/runner/work/gestaodecustos/gestaodecustos/vendor/laravel/framework/src/Illuminate/Foundation/Http/Middleware/ConvertEmptyStringsToNull.php(31): Illuminate\Foundation\Http\Middleware\TransformsRequest->handle()
#72 /home/runner/work/gestaodecustos/gestaodecustos/vendor/laravel/framework/src/Illuminate/Pipeline/Pipeline.php(219): Illuminate\Foundation\Http\Middleware\ConvertEmptyStringsToNull->handle()
#73 /home/runner/work/gestaodecustos/gestaodecustos/vendor/laravel/framework/src/Illuminate/Foundation/Http/Middleware/TransformsRequest.php(21): Illuminate\Pipeline\Pipeline->Illuminate\Pipeline\{closure}()
#74 /home/runner/work/gestaodecustos/gestaodecustos/vendor/laravel/framework/src/Illuminate/Foundation/Http/Middleware/TrimStrings.php(51): Illuminate\Foundation\Http\Middleware\TransformsRequest->handle()
#75 /home/runner/work/gestaodecustos/gestaodecustos/vendor/laravel/framework/src/Illuminate/Pipeline/Pipeline.php(219): Illuminate\Foundation\Http\Middleware\TrimStrings->handle()
#76 /home/runner/work/gestaodecustos/gestaodecustos/vendor/laravel/framework/src/Illuminate/Http/Middleware/ValidatePostSize.php(27): Illuminate\Pipeline\Pipeline->Illuminate\Pipeline\{closure}()
#77 /home/runner/work/gestaodecustos/gestaodecustos/vendor/laravel/framework/src/Illuminate/Pipeline/Pipeline.php(219): Illuminate\Http\Middleware\ValidatePostSize->handle()
#78 /home/runner/work/gestaodecustos/gestaodecustos/vendor/laravel/framework/src/Illuminate/Foundation/Http/Middleware/PreventRequestsDuringMaintenance.php(110): Illuminate\Pipeline\Pipeline->Illuminate\Pipeline\{closure}()
#79 /home/runner/work/gestaodecustos/gestaodecustos/vendor/laravel/framework/src/Illuminate/Pipeline/Pipeline.php(219): Illuminate\Foundation\Http\Middleware\PreventRequestsDuringMaintenance->handle()
#80 /home/runner/work/gestaodecustos/gestaodecustos/vendor/laravel/framework/src/Illuminate/Http/Middleware/HandleCors.php(61): Illuminate\Pipeline\Pipeline->Illuminate\Pipeline\{closure}()
#81 /home/runner/work/gestaodecustos/gestaodecustos/vendor/laravel/framework/src/Illuminate/Pipeline/Pipeline.php(219): Illuminate\Http\Middleware\HandleCors->handle()
#82 /home/runner/work/gestaodecustos/gestaodecustos/vendor/laravel/framework/src/Illuminate/Http/Middleware/TrustProxies.php(58): Illuminate\Pipeline\Pipeline->Illuminate\Pipeline\{closure}()
#83 /home/runner/work/gestaodecustos/gestaodecustos/vendor/laravel/framework/src/Illuminate/Pipeline/Pipeline.php(219): Illuminate\Http\Middleware\TrustProxies->handle()
#84 /home/runner/work/gestaodecustos/gestaodecustos/vendor/laravel/framework/src/Illuminate/Foundation/Http/Middleware/InvokeDeferredCallbacks.php(22): Illuminate\Pipeline\Pipeline->Illuminate\Pipeline\{closure}()
#85 /home/runner/work/gestaodecustos/gestaodecustos/vendor/laravel/framework/src/Illuminate/Pipeline/Pipeline.php(219): Illuminate\Foundation\Http\Middleware\InvokeDeferredCallbacks->handle()
#86 /home/runner/work/gestaodecustos/gestaodecustos/vendor/laravel/framework/src/Illuminate/Http/Middleware/ValidatePathEncoding.php(28): Illuminate\Pipeline\Pipeline->Illuminate\Pipeline\{closure}()
#87 /home/runner/work/gestaodecustos/gestaodecustos/vendor/laravel/framework/src/Illuminate/Pipeline/Pipeline.php(219): Illuminate\Http\Middleware\ValidatePathEncoding->handle()
#88 /home/runner/work/gestaodecustos/gestaodecustos/vendor/laravel/framework/src/Illuminate/Pipeline/Pipeline.php(137): Illuminate\Pipeline\Pipeline->Illuminate\Pipeline\{closure}()
#89 /home/runner/work/gestaodecustos/gestaodecustos/vendor/laravel/framework/src/Illuminate/Foundation/Http/Kernel.php(175): Illuminate\Pipeline\Pipeline->then()
#90 /home/runner/work/gestaodecustos/gestaodecustos/vendor/laravel/framework/src/Illuminate/Foundation/Http/Kernel.php(144): Illuminate\Foundation\Http\Kernel->sendRequestThroughRouter()
#91 /home/runner/work/gestaodecustos/gestaodecustos/vendor/laravel/framework/src/Illuminate/Foundation/Testing/Concerns/MakesHttpRequests.php(638): Illuminate\Foundation\Http\Kernel->handle()
#92 /home/runner/work/gestaodecustos/gestaodecustos/vendor/laravel/framework/src/Illuminate/Foundation/Testing/Concerns/MakesHttpRequests.php(368): Illuminate\Foundation\Testing\TestCase->call()
#93 /home/runner/work/gestaodecustos/gestaodecustos/tests/Feature/Auth/AuthenticationTest.php(7): Illuminate\Foundation\Testing\TestCase->get()
#94 /home/runner/work/gestaodecustos/gestaodecustos/vendor/pestphp/pest/src/Factories/TestCaseMethodFactory.php(177): P\Tests\Feature\Auth\AuthenticationTest->{closure}()
#95 [internal function]: P\Tests\Feature\Auth\AuthenticationTest->Pest\Factories\{closure}()
#96 /home/runner/work/gestaodecustos/gestaodecustos/vendor/pestphp/pest/src/Concerns/Testable.php(514): call_user_func_array()
#97 /home/runner/work/gestaodecustos/gestaodecustos/vendor/pestphp/pest/src/Support/ExceptionTrace.php(26): P\Tests\Feature\Auth\AuthenticationTest->Pest\Concerns\{closure}()
#98 /home/runner/work/gestaodecustos/gestaodecustos/vendor/pestphp/pest/src/Concerns/Testable.php(514): Pest\Support\ExceptionTrace::ensure()
#99 /home/runner/work/gestaodecustos/gestaodecustos/vendor/pestphp/pest/src/Concerns/Testable.php(336): P\Tests\Feature\Auth\AuthenticationTest->__callClosure()
#100 /home/runner/work/gestaodecustos/gestaodecustos/vendor/pestphp/pest/src/Factories/TestCaseFactory.php(179) : eval()'d code(22): P\Tests\Feature\Auth\AuthenticationTest->__runTest()
#101 /home/runner/work/gestaodecustos/gestaodecustos/vendor/phpunit/phpunit/src/Framework/TestCase.php(1318): P\Tests\Feature\Auth\AuthenticationTest->__pest_evaluable_login_screen_can_be_rendered()
#102 /home/runner/work/gestaodecustos/gestaodecustos/vendor/phpunit/phpunit/src/Framework/TestCase.php(1355): PHPUnit\Framework\TestCase->invokeTestMethod()
#103 /home/runner/work/gestaodecustos/gestaodecustos/vendor/phpunit/phpunit/src/Framework/TestCase.php(521): PHPUnit\Framework\TestCase->runTest()
#104 /home/runner/work/gestaodecustos/gestaodecustos/vendor/phpunit/phpunit/src/Framework/TestRunner/TestRunner.php(99): PHPUnit\Framework\TestCase->runBare()
#105 /home/runner/work/gestaodecustos/gestaodecustos/vendor/phpunit/phpunit/src/Framework/TestCase.php(361): PHPUnit\Framework\TestRunner->run()
#106 /home/runner/work/gestaodecustos/gestaodecustos/vendor/phpunit/phpunit/src/Framework/TestSuite.php(374): PHPUnit\Framework\TestCase->run()
#107 /home/runner/work/gestaodecustos/gestaodecustos/vendor/phpunit/phpunit/src/Framework/TestSuite.php(374): PHPUnit\Framework\TestSuite->run()
#108 /home/runner/work/gestaodecustos/gestaodecustos/vendor/phpunit/phpunit/src/Framework/TestSuite.php(374): PHPUnit\Framework\TestSuite->run()
#109 /home/runner/work/gestaodecustos/gestaodecustos/vendor/phpunit/phpunit/src/TextUI/TestRunner.php(64): PHPUnit\Framework\TestSuite->run()
#110 /home/runner/work/gestaodecustos/gestaodecustos/vendor/phpunit/phpunit/src/TextUI/Application.php(229): PHPUnit\TextUI\TestRunner->run()
#111 /home/runner/work/gestaodecustos/gestaodecustos/vendor/pestphp/pest/src/Kernel.php(103): PHPUnit\TextUI\Application->run()
#112 /home/runner/work/gestaodecustos/gestaodecustos/vendor/pestphp/pest/bin/pest(196): Pest\Kernel->handle()
#113 /home/runner/work/gestaodecustos/gestaodecustos/vendor/pestphp/pest/bin/pest(204): {closure}()
#114 /home/runner/work/gestaodecustos/gestaodecustos/vendor/bin/pest(119): include('...')
#115 {main}

Next Illuminate\View\ViewException: Vite manifest not found at: /home/runner/work/gestaodecustos/gestaodecustos/public/build/manifest.json (View: /home/runner/work/gestaodecustos/gestaodecustos/resources/views/partials/head.blade.php) (View: /home/runner/work/gestaodecustos/gestaodecustos/resources/views/partials/head.blade.php) (View: /home/runner/work/gestaodecustos/gestaodecustos/resources/views/partials/head.blade.php) in /home/runner/work/gestaodecustos/gestaodecustos/vendor/laravel/framework/src/Illuminate/Foundation/Vite.php:960
Stack trace:
#0 /home/runner/work/gestaodecustos/gestaodecustos/vendor/livewire/livewire/src/Mechanisms/ExtendBlade/ExtendedCompilerEngine.php(58): Illuminate\View\Engines\CompilerEngine->handleViewException()
#1 /home/runner/work/gestaodecustos/gestaodecustos/vendor/laravel/framework/src/Illuminate/View/Engines/PhpEngine.php(59): Livewire\Mechanisms\ExtendBlade\ExtendedCompilerEngine->handleViewException()
#2 /home/runner/work/gestaodecustos/gestaodecustos/vendor/livewire/livewire/src/Mechanisms/ExtendBlade/ExtendedCompilerEngine.php(22): Illuminate\View\Engines\PhpEngine->evaluatePath()
#3 /home/runner/work/gestaodecustos/gestaodecustos/vendor/laravel/framework/src/Illuminate/View/Engines/CompilerEngine.php(76): Livewire\Mechanisms\ExtendBlade\ExtendedCompilerEngine->evaluatePath()
#4 /home/runner/work/gestaodecustos/gestaodecustos/vendor/livewire/livewire/src/Mechanisms/ExtendBlade/ExtendedCompilerEngine.php(10): Illuminate\View\Engines\CompilerEngine->get()
#5 /home/runner/work/gestaodecustos/gestaodecustos/vendor/laravel/framework/src/Illuminate/View/View.php(208): Livewire\Mechanisms\ExtendBlade\ExtendedCompilerEngine->get()
#6 /home/runner/work/gestaodecustos/gestaodecustos/vendor/laravel/framework/src/Illuminate/View/View.php(191): Illuminate\View\View->getContents()
#7 /home/runner/work/gestaodecustos/gestaodecustos/vendor/laravel/framework/src/Illuminate/View/View.php(160): Illuminate\View\View->renderContents()
#8 /home/runner/work/gestaodecustos/gestaodecustos/vendor/laravel/framework/src/Illuminate/View/Compilers/BladeCompiler.php(361): Illuminate\View\View->render()
#9 /home/runner/work/gestaodecustos/gestaodecustos/vendor/laravel/framework/src/Illuminate/Support/Facades/Facade.php(364): Illuminate\View\Compilers\BladeCompiler::render()
#10 /home/runner/work/gestaodecustos/gestaodecustos/vendor/livewire/livewire/src/Features/SupportPageComponents/SupportPageComponents.php(162): Illuminate\Support\Facades\Facade::__callStatic()
#11 /home/runner/work/gestaodecustos/gestaodecustos/vendor/livewire/livewire/src/Features/SupportPageComponents/HandlesPageComponents.php(26): Livewire\Features\SupportPageComponents\SupportPageComponents::renderContentsIntoLayout()
#12 /home/runner/work/gestaodecustos/gestaodecustos/vendor/laravel/framework/src/Illuminate/Container/BoundMethod.php(36): Livewire\Component->__invoke()
#13 /home/runner/work/gestaodecustos/gestaodecustos/vendor/laravel/framework/src/Illuminate/Container/Util.php(43): Illuminate\Container\BoundMethod::Illuminate\Container\{closure}()
#14 /home/runner/work/gestaodecustos/gestaodecustos/vendor/laravel/framework/src/Illuminate/Container/BoundMethod.php(96): Illuminate\Container\Util::unwrapIfClosure()
#15 /home/runner/work/gestaodecustos/gestaodecustos/vendor/laravel/framework/src/Illuminate/Container/BoundMethod.php(35): Illuminate\Container\BoundMethod::callBoundMethod()
#16 /home/runner/work/gestaodecustos/gestaodecustos/vendor/laravel/framework/src/Illuminate/Container/Container.php(803): Illuminate\Container\BoundMethod::call()
#17 /home/runner/work/gestaodecustos/gestaodecustos/vendor/livewire/volt/src/VoltManager.php(37): Illuminate\Container\Container->call()
#18 /home/runner/work/gestaodecustos/gestaodecustos/vendor/laravel/framework/src/Illuminate/Routing/CallableDispatcher.php(39): Livewire\Volt\VoltManager->Livewire\Volt\{closure}()
#19 /home/runner/work/gestaodecustos/gestaodecustos/vendor/laravel/framework/src/Illuminate/Routing/Route.php(254): Illuminate\Routing\CallableDispatcher->dispatch()
#20 /home/runner/work/gestaodecustos/gestaodecustos/vendor/laravel/framework/src/Illuminate/Routing/Route.php(219): Illuminate\Routing\Route->runCallable()
#21 /home/runner/work/gestaodecustos/gestaodecustos/vendor/laravel/framework/src/Illuminate/Routing/Router.php(822): Illuminate\Routing\Route->run()
#22 /home/runner/work/gestaodecustos/gestaodecustos/vendor/laravel/framework/src/Illuminate/Pipeline/Pipeline.php(180): Illuminate\Routing\Router->Illuminate\Routing\{closure}()
#23 /home/runner/work/gestaodecustos/gestaodecustos/vendor/laravel/framework/src/Illuminate/Auth/Middleware/RedirectIfAuthenticated.php(47): Illuminate\Pipeline\Pipeline->Illuminate\Pipeline\{closure}()
#24 /home/runner/work/gestaodecustos/gestaodecustos/vendor/laravel/framework/src/Illuminate/Pipeline/Pipeline.php(219): Illuminate\Auth\Middleware\RedirectIfAuthenticated->handle()
#25 /home/runner/work/gestaodecustos/gestaodecustos/app/Http/Middleware/EnsureBusinessWorkspaceAccess.php(71): Illuminate\Pipeline\Pipeline->Illuminate\Pipeline\{closure}()
#26 /home/runner/work/gestaodecustos/gestaodecustos/vendor/laravel/framework/src/Illuminate/Pipeline/Pipeline.php(219): App\Http\Middleware\EnsureBusinessWorkspaceAccess->handle()
#27 /home/runner/work/gestaodecustos/gestaodecustos/app/Http/Middleware/EnsureImpersonationIsValid.php(21): Illuminate\Pipeline\Pipeline->Illuminate\Pipeline\{closure}()
#28 /home/runner/work/gestaodecustos/gestaodecustos/vendor/laravel/framework/src/Illuminate/Pipeline/Pipeline.php(219): App\Http\Middleware\EnsureImpersonationIsValid->handle()
#29 /home/runner/work/gestaodecustos/gestaodecustos/app/Http/Middleware/UpdateUserActivity.php(27): Illuminate\Pipeline\Pipeline->Illuminate\Pipeline\{closure}()
#30 /home/runner/work/gestaodecustos/gestaodecustos/vendor/laravel/framework/src/Illuminate/Pipeline/Pipeline.php(219): App\Http\Middleware\UpdateUserActivity->handle()
#31 /home/runner/work/gestaodecustos/gestaodecustos/app/Http/Middleware/CheckRegistrationStatus.php(25): Illuminate\Pipeline\Pipeline->Illuminate\Pipeline\{closure}()
#32 /home/runner/work/gestaodecustos/gestaodecustos/vendor/laravel/framework/src/Illuminate/Pipeline/Pipeline.php(219): App\Http\Middleware\CheckRegistrationStatus->handle()
#33 /home/runner/work/gestaodecustos/gestaodecustos/app/Http/Middleware/CheckMaintenanceMode.php(41): Illuminate\Pipeline\Pipeline->Illuminate\Pipeline\{closure}()
#34 /home/runner/work/gestaodecustos/gestaodecustos/vendor/laravel/framework/src/Illuminate/Pipeline/Pipeline.php(219): App\Http\Middleware\CheckMaintenanceMode->handle()
#35 /home/runner/work/gestaodecustos/gestaodecustos/app/Http/Middleware/SetLocale.php(30): Illuminate\Pipeline\Pipeline->Illuminate\Pipeline\{closure}()
#36 /home/runner/work/gestaodecustos/gestaodecustos/vendor/laravel/framework/src/Illuminate/Pipeline/Pipeline.php(219): App\Http\Middleware\SetLocale->handle()
#37 /home/runner/work/gestaodecustos/gestaodecustos/vendor/laravel/framework/src/Illuminate/Routing/Middleware/SubstituteBindings.php(52): Illuminate\Pipeline\Pipeline->Illuminate\Pipeline\{closure}()
#38 /home/runner/work/gestaodecustos/gestaodecustos/vendor/laravel/framework/src/Illuminate/Pipeline/Pipeline.php(219): Illuminate\Routing\Middleware\SubstituteBindings->handle()
#39 /home/runner/work/gestaodecustos/gestaodecustos/vendor/laravel/framework/src/Illuminate/Foundation/Http/Middleware/PreventRequestForgery.php(104): Illuminate\Pipeline\Pipeline->Illuminate\Pipeline\{closure}()
#40 /home/runner/work/gestaodecustos/gestaodecustos/vendor/laravel/framework/src/Illuminate/Pipeline/Pipeline.php(219): Illuminate\Foundation\Http\Middleware\PreventRequestForgery->handle()
#41 /home/runner/work/gestaodecustos/gestaodecustos/vendor/laravel/framework/src/Illuminate/View/Middleware/ShareErrorsFromSession.php(48): Illuminate\Pipeline\Pipeline->Illuminate\Pipeline\{closure}()
#42 /home/runner/work/gestaodecustos/gestaodecustos/vendor/laravel/framework/src/Illuminate/Pipeline/Pipeline.php(219): Illuminate\View\Middleware\ShareErrorsFromSession->handle()
#43 /home/runner/work/gestaodecustos/gestaodecustos/vendor/laravel/framework/src/Illuminate/Session/Middleware/StartSession.php(120): Illuminate\Pipeline\Pipeline->Illuminate\Pipeline\{closure}()
#44 /home/runner/work/gestaodecustos/gestaodecustos/vendor/laravel/framework/src/Illuminate/Session/Middleware/StartSession.php(63): Illuminate\Session\Middleware\StartSession->handleStatefulRequest()
#45 /home/runner/work/gestaodecustos/gestaodecustos/vendor/laravel/framework/src/Illuminate/Pipeline/Pipeline.php(219): Illuminate\Session\Middleware\StartSession->handle()
#46 /home/runner/work/gestaodecustos/gestaodecustos/vendor/laravel/framework/src/Illuminate/Cookie/Middleware/AddQueuedCookiesToResponse.php(36): Illuminate\Pipeline\Pipeline->Illuminate\Pipeline\{closure}()
#47 /home/runner/work/gestaodecustos/gestaodecustos/vendor/laravel/framework/src/Illuminate/Pipeline/Pipeline.php(219): Illuminate\Cookie\Middleware\AddQueuedCookiesToResponse->handle()
#48 /home/runner/work/gestaodecustos/gestaodecustos/vendor/laravel/framework/src/Illuminate/Cookie/Middleware/EncryptCookies.php(74): Illuminate\Pipeline\Pipeline->Illuminate\Pipeline\{closure}()
#49 /home/runner/work/gestaodecustos/gestaodecustos/vendor/laravel/framework/src/Illuminate/Pipeline/Pipeline.php(219): Illuminate\Cookie\Middleware\EncryptCookies->handle()
#50 /home/runner/work/gestaodecustos/gestaodecustos/vendor/laravel/framework/src/Illuminate/Pipeline/Pipeline.php(137): Illuminate\Pipeline\Pipeline->Illuminate\Pipeline\{closure}()
#51 /home/runner/work/gestaodecustos/gestaodecustos/vendor/laravel/framework/src/Illuminate/Routing/Router.php(821): Illuminate\Pipeline\Pipeline->then()
#52 /home/runner/work/gestaodecustos/gestaodecustos/vendor/laravel/framework/src/Illuminate/Routing/Router.php(800): Illuminate\Routing\Router->runRouteWithinStack()
#53 /home/runner/work/gestaodecustos/gestaodecustos/vendor/laravel/framework/src/Illuminate/Routing/Router.php(764): Illuminate\Routing\Router->runRoute()
#54 /home/runner/work/gestaodecustos/gestaodecustos/vendor/laravel/framework/src/Illuminate/Routing/Router.php(753): Illuminate\Routing\Router->dispatchToRoute()
#55 /home/runner/work/gestaodecustos/gestaodecustos/vendor/laravel/framework/src/Illuminate/Foundation/Http/Kernel.php(200): Illuminate\Routing\Router->dispatch()
#56 /home/runner/work/gestaodecustos/gestaodecustos/vendor/laravel/framework/src/Illuminate/Pipeline/Pipeline.php(180): Illuminate\Foundation\Http\Kernel->Illuminate\Foundation\Http\{closure}()
#57 /home/runner/work/gestaodecustos/gestaodecustos/vendor/livewire/livewire/src/Features/SupportDisablingBackButtonCache/DisableBackButtonCacheMiddleware.php(19): Illuminate\Pipeline\Pipeline->Illuminate\Pipeline\{closure}()
#58 /home/runner/work/gestaodecustos/gestaodecustos/vendor/laravel/framework/src/Illuminate/Pipeline/Pipeline.php(219): Livewire\Features\SupportDisablingBackButtonCache\DisableBackButtonCacheMiddleware->handle()
#59 /home/runner/work/gestaodecustos/gestaodecustos/vendor/laravel/framework/src/Illuminate/Foundation/Http/Middleware/TransformsRequest.php(21): Illuminate\Pipeline\Pipeline->Illuminate\Pipeline\{closure}()
#60 /home/runner/work/gestaodecustos/gestaodecustos/vendor/laravel/framework/src/Illuminate/Foundation/Http/Middleware/ConvertEmptyStringsToNull.php(31): Illuminate\Foundation\Http\Middleware\TransformsRequest->handle()
#61 /home/runner/work/gestaodecustos/gestaodecustos/vendor/laravel/framework/src/Illuminate/Pipeline/Pipeline.php(219): Illuminate\Foundation\Http\Middleware\ConvertEmptyStringsToNull->handle()
#62 /home/runner/work/gestaodecustos/gestaodecustos/vendor/laravel/framework/src/Illuminate/Foundation/Http/Middleware/TransformsRequest.php(21): Illuminate\Pipeline\Pipeline->Illuminate\Pipeline\{closure}()
#63 /home/runner/work/gestaodecustos/gestaodecustos/vendor/laravel/framework/src/Illuminate/Foundation/Http/Middleware/TrimStrings.php(51): Illuminate\Foundation\Http\Middleware\TransformsRequest->handle()
#64 /home/runner/work/gestaodecustos/gestaodecustos/vendor/laravel/framework/src/Illuminate/Pipeline/Pipeline.php(219): Illuminate\Foundation\Http\Middleware\TrimStrings->handle()
#65 /home/runner/work/gestaodecustos/gestaodecustos/vendor/laravel/framework/src/Illuminate/Http/Middleware/ValidatePostSize.php(27): Illuminate\Pipeline\Pipeline->Illuminate\Pipeline\{closure}()
#66 /home/runner/work/gestaodecustos/gestaodecustos/vendor/laravel/framework/src/Illuminate/Pipeline/Pipeline.php(219): Illuminate\Http\Middleware\ValidatePostSize->handle()
#67 /home/runner/work/gestaodecustos/gestaodecustos/vendor/laravel/framework/src/Illuminate/Foundation/Http/Middleware/PreventRequestsDuringMaintenance.php(110): Illuminate\Pipeline\Pipeline->Illuminate\Pipeline\{closure}()
#68 /home/runner/work/gestaodecustos/gestaodecustos/vendor/laravel/framework/src/Illuminate/Pipeline/Pipeline.php(219): Illuminate\Foundation\Http\Middleware\PreventRequestsDuringMaintenance->handle()
#69 /home/runner/work/gestaodecustos/gestaodecustos/vendor/laravel/framework/src/Illuminate/Http/Middleware/HandleCors.php(61): Illuminate\Pipeline\Pipeline->Illuminate\Pipeline\{closure}()
#70 /home/runner/work/gestaodecustos/gestaodecustos/vendor/laravel/framework/src/Illuminate/Pipeline/Pipeline.php(219): Illuminate\Http\Middleware\HandleCors->handle()
#71 /home/runner/work/gestaodecustos/gestaodecustos/vendor/laravel/framework/src/Illuminate/Http/Middleware/TrustProxies.php(58): Illuminate\Pipeline\Pipeline->Illuminate\Pipeline\{closure}()
#72 /home/runner/work/gestaodecustos/gestaodecustos/vendor/laravel/framework/src/Illuminate/Pipeline/Pipeline.php(219): Illuminate\Http\Middleware\TrustProxies->handle()
#73 /home/runner/work/gestaodecustos/gestaodecustos/vendor/laravel/framework/src/Illuminate/Foundation/Http/Middleware/InvokeDeferredCallbacks.php(22): Illuminate\Pipeline\Pipeline->Illuminate\Pipeline\{closure}()
#74 /home/runner/work/gestaodecustos/gestaodecustos/vendor/laravel/framework/src/Illuminate/Pipeline/Pipeline.php(219): Illuminate\Foundation\Http\Middleware\InvokeDeferredCallbacks->handle()
#75 /home/runner/work/gestaodecustos/gestaodecustos/vendor/laravel/framework/src/Illuminate/Http/Middleware/ValidatePathEncoding.php(28): Illuminate\Pipeline\Pipeline->Illuminate\Pipeline\{closure}()
#76 /home/runner/work/gestaodecustos/gestaodecustos/vendor/laravel/framework/src/Illuminate/Pipeline/Pipeline.php(219): Illuminate\Http\Middleware\ValidatePathEncoding->handle()
#77 /home/runner/work/gestaodecustos/gestaodecustos/vendor/laravel/framework/src/Illuminate/Pipeline/Pipeline.php(137): Illuminate\Pipeline\Pipeline->Illuminate\Pipeline\{closure}()
#78 /home/runner/work/gestaodecustos/gestaodecustos/vendor/laravel/framework/src/Illuminate/Foundation/Http/Kernel.php(175): Illuminate\Pipeline\Pipeline->then()
#79 /home/runner/work/gestaodecustos/gestaodecustos/vendor/laravel/framework/src/Illuminate/Foundation/Http/Kernel.php(144): Illuminate\Foundation\Http\Kernel->sendRequestThroughRouter()
#80 /home/runner/work/gestaodecustos/gestaodecustos/vendor/laravel/framework/src/Illuminate/Foundation/Testing/Concerns/MakesHttpRequests.php(638): Illuminate\Foundation\Http\Kernel->handle()
#81 /home/runner/work/gestaodecustos/gestaodecustos/vendor/laravel/framework/src/Illuminate/Foundation/Testing/Concerns/MakesHttpRequests.php(368): Illuminate\Foundation\Testing\TestCase->call()
#82 /home/runner/work/gestaodecustos/gestaodecustos/tests/Feature/Auth/AuthenticationTest.php(7): Illuminate\Foundation\Testing\TestCase->get()
#83 /home/runner/work/gestaodecustos/gestaodecustos/vendor/pestphp/pest/src/Factories/TestCaseMethodFactory.php(177): P\Tests\Feature\Auth\AuthenticationTest->{closure}()
#84 [internal function]: P\Tests\Feature\Auth\AuthenticationTest->Pest\Factories\{closure}()
#85 /home/runner/work/gestaodecustos/gestaodecustos/vendor/pestphp/pest/src/Concerns/Testable.php(514): call_user_func_array()
#86 /home/runner/work/gestaodecustos/gestaodecustos/vendor/pestphp/pest/src/Support/ExceptionTrace.php(26): P\Tests\Feature\Auth\AuthenticationTest->Pest\Concerns\{closure}()
#87 /home/runner/work/gestaodecustos/gestaodecustos/vendor/pestphp/pest/src/Concerns/Testable.php(514): Pest\Support\ExceptionTrace::ensure()
#88 /home/runner/work/gestaodecustos/gestaodecustos/vendor/pestphp/pest/src/Concerns/Testable.php(336): P\Tests\Feature\Auth\AuthenticationTest->__callClosure()
#89 /home/runner/work/gestaodecustos/gestaodecustos/vendor/pestphp/pest/src/Factories/TestCaseFactory.php(179) : eval()'d code(22): P\Tests\Feature\Auth\AuthenticationTest->__runTest()
#90 /home/runner/work/gestaodecustos/gestaodecustos/vendor/phpunit/phpunit/src/Framework/TestCase.php(1318): P\Tests\Feature\Auth\AuthenticationTest->__pest_evaluable_login_screen_can_be_rendered()
#91 /home/runner/work/gestaodecustos/gestaodecustos/vendor/phpunit/phpunit/src/Framework/TestCase.php(1355): PHPUnit\Framework\TestCase->invokeTestMethod()
#92 /home/runner/work/gestaodecustos/gestaodecustos/vendor/phpunit/phpunit/src/Framework/TestCase.php(521): PHPUnit\Framework\TestCase->runTest()
#93 /home/runner/work/gestaodecustos/gestaodecustos/vendor/phpunit/phpunit/src/Framework/TestRunner/TestRunner.php(99): PHPUnit\Framework\TestCase->runBare()
#94 /home/runner/work/gestaodecustos/gestaodecustos/vendor/phpunit/phpunit/src/Framework/TestCase.php(361): PHPUnit\Framework\TestRunner->run()
#95 /home/runner/work/gestaodecustos/gestaodecustos/vendor/phpunit/phpunit/src/Framework/TestSuite.php(374): PHPUnit\Framework\TestCase->run()
#96 /home/runner/work/gestaodecustos/gestaodecustos/vendor/phpunit/phpunit/src/Framework/TestSuite.php(374): PHPUnit\Framework\TestSuite->run()
#97 /home/runner/work/gestaodecustos/gestaodecustos/vendor/phpunit/phpunit/src/Framework/TestSuite.php(374): PHPUnit\Framework\TestSuite->run()
#98 /home/runner/work/gestaodecustos/gestaodecustos/vendor/phpunit/phpunit/src/TextUI/TestRunner.php(64): PHPUnit\Framework\TestSuite->run()
#99 /home/runner/work/gestaodecustos/gestaodecustos/vendor/phpunit/phpunit/src/TextUI/Application.php(229): PHPUnit\TextUI\TestRunner->run()
#100 /home/runner/work/gestaodecustos/gestaodecustos/vendor/pestphp/pest/src/Kernel.php(103): PHPUnit\TextUI\Application->run()
#101 /home/runner/work/gestaodecustos/gestaodecustos/vendor/pestphp/pest/bin/pest(196): Pest\Kernel->handle()
#102 /home/runner/work/gestaodecustos/gestaodecustos/vendor/pestphp/pest/bin/pest(204): {closure}()
#103 /home/runner/work/gestaodecustos/gestaodecustos/vendor/bin/pest(119): include('...')
#104 {main}

----------------------------------------------------------------------------------

Vite manifest not found at: /home/runner/work/gestaodecustos/gestaodecustos/public/build/manifest.json (View: /home/runner/work/gestaodecustos/gestaodecustos/resources/views/partials/head.blade.php) (View: /home/runner/work/gestaodecustos/gestaodecustos/resources/views/partials/head.blade.php) (View: /home/runner/work/gestaodecustos/gestaodecustos/resources/views/partials/head.blade.php)[39;22m

  at [32mtests/Feature/Auth/AuthenticationTest.php[39m:[32m10[39m
      6▕ test('login screen can be rendered', function () {
      7▕     $response = $this->get('/login');
      8▕ 
      9▕     $response
  ➜  10▕         ->assertOk()
     11▕         ->assertSeeVolt('pages.auth.login');
     12▕ });
     13▕ 
     14▕ test('users can authenticate using the login screen', function () {


  [90mTests:[39m    [31;1m1 failed[39;22m[90m,[39m[39m [39m[32;1m32 passed[39;22m[90m,[39m[39m [2m113 pending[22m[39m[90m (69 assertions)[39m
  [90mDuration:[39m [39m2.17s[39m

